// Jest Snapshot v1, https://goo.gl/fbAQLP

exports[`<ScalprumComponent /> should render test component 1`] = `
<div>
  <span>
    Test
  </span>
</div>
`;

exports[`<ScalprumComponent /> should render test component with manifest 1`] = `
<div>
  <span>
    Test
  </span>
</div>
`;
